Microsoft Windows [Version 6.1.7601]
Copyright (c) 2009 Microsoft Corporation.  All rights reserved.

C:\Users\Dipesh>wmic
wmic:root\cli>exit;
exit; - Alias not found.
wmic:root\cli>exit

C:\Users\Dipesh>cd D:\xampp\htdocs

C:\Users\Dipesh>cd ..

C:\Users>cd ..

C:\>D:

D:\xampp\htdocs>cd poxaapp

D:\xampp\htdocs\poxaapp>php artisan make:controller UsersController --resource
Controller created successfully.

D:\xampp\htdocs\poxaapp>php artisan make:model --help
Description:
  Create a new Eloquent model class

Usage:
  make:model [options] [--] <name>

Arguments:
  name                  The name of the class

Options:
  -a, --all             Generate a migration, factory, and resource controller for the model
  -c, --controller      Create a new controller for the model
  -f, --factory         Create a new factory for the model
      --force           Create the class even if the model already exists.
  -m, --migration       Create a new migration file for the model.
  -p, --pivot           Indicates if the generated model should be a custom intermediate table model.
  -r, --resource        Indicates if the generated controller should be a resource controller.
  -h, --help            Display this help message
  -q, --quiet           Do not output any message
  -V, --version         Display this application version
      --ansi            Force ANSI output
      --no-ansi         Disable ANSI output
  -n, --no-interaction  Do not ask any interactive question
      --env[=ENV]       The environment the command should run under
  -v|vv|vvv, --verbose  Increase the verbosity of messages: 1 for normal output, 2 for more verbose output and 3 for debug

D:\xampp\htdocs\poxaapp>php artisan make:model -a seller
Model created successfully.
Factory created successfully.
Created Migration: 2018_12_01_024939_create_sellers_table
Controller created successfully.

D:\xampp\htdocs\poxaapp>